// Jest Snapshot v1, https://goo.gl/fbAQLP

exports[`<Loader /> component renders loader instead of children for status "IN_PROGRESS" 1`] = `
<DocumentFragment>
  <div
    class="component"
  >
    <div
      class="loaderDualRing"
    />
  </div>
</DocumentFragment>
`;
